// Jest Snapshot v1, https://goo.gl/fbAQLP

exports[`Render GenreQuestionItem Should match with snapshot 1`] = `
<div
  className="track"
>
  <div
    className="game__answer"
  >
    <input
      checked={false}
      className="game__input visually-hidden"
      data-answer-index={0}
      id="answer-0"
      name="answer"
      onChange={[Function]}
      type="checkbox"
      value="answer-0"
    />
    <label
      className="game__check"
      htmlFor="answer-0"
    >
      Отметить
    </label>
  </div>
</div>
`;
