// Jest Snapshot v1, https://goo.gl/fbAQLP

exports[`Render withAudioPlayer Should match with snapshot 1`] = `
<withAudioPlayer
  Component={[Function]}
/>
`;
